
================================================================================
XAI PIPELINE: Sample Selection & GradCAM Visualization
================================================================================

Model: efficientnet_b2
Output: experiments_logs/xai_analysis/efficientnet_b2

1. Loading model checkpoint...
   WARNING: No checkpoint found. Testing with random weights.
   ✓ Model loaded

2. Preparing test data...
Found 10 patients
Created patient-centric datasets (batch_size=1, num_workers=4):
  Train: 8 patients
  Val: 1 patients
  Test: 1 patients
   ✓ Loaded 10 patients

3. Running inference...
   ✓ Processed 155 slices

4. Classifying predictions...
   TP: 4 samples
   FP: 30 samples
   TN: 60 samples
   FN: 61 samples

5. Selecting diverse samples (TP ONLY, from 10 random patients)...
   Total TP samples available: 4
   ✓ Selected 2 samples from 10 diverse patients

6. Initializing GradCAM...
  ✓ GradCAM registered on: features.8.0

7. Generating GradCAM visualizations...
   ✗ Error processing BraTS2021_00005 slice 118: Given groups=1, weight of size [32, 3, 3, 3], expected input
   ✗ Error processing BraTS2021_00005 slice 120: Given groups=1, weight of size [32, 3, 3, 3], expected input

✓ Generated 0 visualizations
✓ Saved metadata: experiments_logs/xai_analysis/efficientnet_b2/metadata.json
✓ Output directory: experiments_logs/xai_analysis/efficientnet_b2

