This is pdfTeX, Version 3.141592653-2.6-1.40.28 (TeX Live 2025) (preloaded format=pdflatex 2025.11.17)  2 FEB 2026 12:18
entering extended mode
 restricted \write18 enabled.
 %&-line parsing enabled.
**main.tex
(./main.tex
LaTeX2e <2025-11-01>
L3 programming layer <2025-11-06>
(/home/hamed/.TinyTeX/texmf-dist/tex/latex/base/report.cls
Document Class: report 2025/01/22 v1.4n Standard LaTeX document class
(/home/hamed/.TinyTeX/texmf-dist/tex/latex/base/size12.clo
File: size12.clo 2025/01/22 v1.4n Standard LaTeX file (size option)
)
\c@part=\count275
\c@chapter=\count276
\c@section=\count277
\c@subsection=\count278
\c@subsubsection=\count279
\c@paragraph=\count280
\c@subparagraph=\count281
\c@figure=\count282
\c@table=\count283
\abovecaptionskip=\skip49
\belowcaptionskip=\skip50
\bibindent=\dimen148
) (/home/hamed/.TinyTeX/texmf-dist/tex/latex/base/inputenc.sty
Package: inputenc 2024/02/08 v1.3d Input encoding file
\inpenc@prehook=\toks17
\inpenc@posthook=\toks18
) (/home/hamed/.TinyTeX/texmf-dist/tex/latex/base/fontenc.sty
Package: fontenc 2025/07/18 v2.1d Standard LaTeX package
) (/home/hamed/.TinyTeX/texmf-dist/tex/latex/geometry/geometry.sty
Package: geometry 2020/01/02 v5.9 Page Geometry
 (/home/hamed/.TinyTeX/texmf-dist/tex/latex/graphics/keyval.sty
Package: keyval 2022/05/29 v1.15 key=value parser (DPC)
\KV@toks@=\toks19
) (/home/hamed/.TinyTeX/texmf-dist/tex/generic/iftex/ifvtex.sty
Package: ifvtex 2019/10/25 v1.7 ifvtex legacy package. Use iftex instead.
 (/home/hamed/.TinyTeX/texmf-dist/tex/generic/iftex/iftex.sty
Package: iftex 2024/12/12 v1.0g TeX engine tests
))
\Gm@cnth=\count284
\Gm@cntv=\count285
\c@Gm@tempcnt=\count286
\Gm@bindingoffset=\dimen149
\Gm@wd@mp=\dimen150
\Gm@odd@mp=\dimen151
\Gm@even@mp=\dimen152
\Gm@layoutwidth=\dimen153
\Gm@layoutheight=\dimen154
\Gm@layouthoffset=\dimen155
\Gm@layoutvoffset=\dimen156
\Gm@dimlist=\toks20
) (/home/hamed/.TinyTeX/texmf-dist/tex/latex/setspace/setspace.sty
Package: setspace 2022/12/04 v6.7b set line spacing
) (/home/hamed/.TinyTeX/texmf-dist/tex/latex/graphics/graphicx.sty
Package: graphicx 2024/12/31 v1.2e Enhanced LaTeX Graphics (DPC,SPQR)
 (/home/hamed/.TinyTeX/texmf-dist/tex/latex/graphics/graphics.sty
Package: graphics 2024/08/06 v1.4g Standard LaTeX Graphics (DPC,SPQR)
 (/home/hamed/.TinyTeX/texmf-dist/tex/latex/graphics/trig.sty
Package: trig 2023/12/02 v1.11 sin cos tan (DPC)
) (/home/hamed/.TinyTeX/texmf-dist/tex/latex/graphics-cfg/graphics.cfg
File: graphics.cfg 2016/06/04 v1.11 sample graphics configuration
)
Package graphics Info: Driver file: pdftex.def on input line 106.
 (/home/hamed/.TinyTeX/texmf-dist/tex/latex/graphics-def/pdftex.def
File: pdftex.def 2025/09/29 v1.2d Graphics/color driver for pdftex
))
\Gin@req@height=\dimen157
\Gin@req@width=\dimen158
) (/home/hamed/.TinyTeX/texmf-dist/tex/latex/booktabs/booktabs.sty
Package: booktabs 2020/01/12 v1.61803398 Publication quality tables
\heavyrulewidth=\dimen159
\lightrulewidth=\dimen160
\cmidrulewidth=\dimen161
\belowrulesep=\dimen162
\belowbottomsep=\dimen163
\aboverulesep=\dimen164
\abovetopsep=\dimen165
\cmidrulesep=\dimen166
\cmidrulekern=\dimen167
\defaultaddspace=\dimen168
\@cmidla=\count287
\@cmidlb=\count288
\@aboverulesep=\dimen169
\@belowrulesep=\dimen170
\@thisruleclass=\count289
\@lastruleclass=\count290
\@thisrulewidth=\dimen171
) (/home/hamed/.TinyTeX/texmf-dist/tex/latex/multirow/multirow.sty
Package: multirow 2024/11/12 v2.9 Span multiple rows of a table
\multirow@colwidth=\skip51
\multirow@cntb=\count291
\multirow@dima=\skip52
\bigstrutjot=\dimen172
) (/home/hamed/.TinyTeX/texmf-dist/tex/latex/amsmath/amsmath.sty
Package: amsmath 2025/07/09 v2.17z AMS math features
\@mathmargin=\skip53

For additional information on amsmath, use the `?' option.
(/home/hamed/.TinyTeX/texmf-dist/tex/latex/amsmath/amstext.sty
Package: amstext 2024/11/17 v2.01 AMS text
 (/home/hamed/.TinyTeX/texmf-dist/tex/latex/amsmath/amsgen.sty
File: amsgen.sty 1999/11/30 v2.0 generic functions
\@emptytoks=\toks21
\ex@=\dimen173
)) (/home/hamed/.TinyTeX/texmf-dist/tex/latex/amsmath/amsbsy.sty
Package: amsbsy 1999/11/29 v1.2d Bold Symbols
\pmbraise@=\dimen174
) (/home/hamed/.TinyTeX/texmf-dist/tex/latex/amsmath/amsopn.sty
Package: amsopn 2022/04/08 v2.04 operator names
)
\inf@bad=\count292
LaTeX Info: Redefining \frac on input line 233.
\uproot@=\count293
\leftroot@=\count294
LaTeX Info: Redefining \overline on input line 398.
LaTeX Info: Redefining \colon on input line 409.
\classnum@=\count295
\DOTSCASE@=\count296
LaTeX Info: Redefining \ldots on input line 495.
LaTeX Info: Redefining \dots on input line 498.
LaTeX Info: Redefining \cdots on input line 619.
\Mathstrutbox@=\box53
\strutbox@=\box54
LaTeX Info: Redefining \big on input line 721.
LaTeX Info: Redefining \Big on input line 722.
LaTeX Info: Redefining \bigg on input line 723.
LaTeX Info: Redefining \Bigg on input line 724.
\big@size=\dimen175
LaTeX Font Info:    Redeclaring font encoding OML on input line 742.
LaTeX Font Info:    Redeclaring font encoding OMS on input line 743.
\macc@depth=\count297
LaTeX Info: Redefining \bmod on input line 904.
LaTeX Info: Redefining \pmod on input line 909.
LaTeX Info: Redefining \smash on input line 939.
LaTeX Info: Redefining \relbar on input line 969.
LaTeX Info: Redefining \Relbar on input line 970.
\c@MaxMatrixCols=\count298
\dotsspace@=\muskip17
\c@parentequation=\count299
\dspbrk@lvl=\count300
\tag@help=\toks22
\row@=\count301
\column@=\count302
\maxfields@=\count303
\andhelp@=\toks23
\eqnshift@=\dimen176
\alignsep@=\dimen177
\tagshift@=\dimen178
\tagwidth@=\dimen179
\totwidth@=\dimen180
\lineht@=\dimen181
\@envbody=\toks24
\multlinegap=\skip54
\multlinetaggap=\skip55
\mathdisplay@stack=\toks25
LaTeX Info: Redefining \[ on input line 2950.
LaTeX Info: Redefining \] on input line 2951.
) (/home/hamed/.TinyTeX/texmf-dist/tex/latex/amsfonts/amssymb.sty
Package: amssymb 2013/01/14 v3.01 AMS font symbols
 (/home/hamed/.TinyTeX/texmf-dist/tex/latex/amsfonts/amsfonts.sty
Package: amsfonts 2013/01/14 v3.01 Basic AMSFonts support
\symAMSa=\mathgroup4
\symAMSb=\mathgroup5
LaTeX Font Info:    Redeclaring math symbol \hbar on input line 98.
LaTeX Font Info:    Overwriting math alphabet `\mathfrak' in version `bold'
(Font)                  U/euf/m/n --> U/euf/b/n on input line 106.
)) (/home/hamed/.TinyTeX/texmf-dist/tex/latex/hyperref/hyperref.sty
Package: hyperref 2025-07-12 v7.01o Hypertext links for LaTeX
 (/home/hamed/.TinyTeX/texmf-dist/tex/latex/kvsetkeys/kvsetkeys.sty
Package: kvsetkeys 2022-10-05 v1.19 Key value parser (HO)
) (/home/hamed/.TinyTeX/texmf-dist/tex/generic/kvdefinekeys/kvdefinekeys.sty
Package: kvdefinekeys 2019-12-19 v1.6 Define keys (HO)
) (/home/hamed/.TinyTeX/texmf-dist/tex/generic/pdfescape/pdfescape.sty
Package: pdfescape 2019/12/09 v1.15 Implements pdfTeX's escape features (HO)
 (/home/hamed/.TinyTeX/texmf-dist/tex/generic/ltxcmds/ltxcmds.sty
Package: ltxcmds 2023-12-04 v1.26 LaTeX kernel commands for general use (HO)
) (/home/hamed/.TinyTeX/texmf-dist/tex/generic/pdftexcmds/pdftexcmds.sty
Package: pdftexcmds 2020-06-27 v0.33 Utility functions of pdfTeX for LuaTeX (HO)
 (/home/hamed/.TinyTeX/texmf-dist/tex/generic/infwarerr/infwarerr.sty
Package: infwarerr 2019/12/03 v1.5 Providing info/warning/error messages (HO)
)
Package pdftexcmds Info: \pdf@primitive is available.
Package pdftexcmds Info: \pdf@ifprimitive is available.
Package pdftexcmds Info: \pdfdraftmode found.
)) (/home/hamed/.TinyTeX/texmf-dist/tex/latex/hycolor/hycolor.sty
Package: hycolor 2020-01-27 v1.10 Color options for hyperref/bookmark (HO)
) (/home/hamed/.TinyTeX/texmf-dist/tex/latex/hyperref/nameref.sty
Package: nameref 2025-06-21 v2.57 Cross-referencing by name of section
 (/home/hamed/.TinyTeX/texmf-dist/tex/latex/refcount/refcount.sty
Package: refcount 2019/12/15 v3.6 Data extraction from label references (HO)
) (/home/hamed/.TinyTeX/texmf-dist/tex/generic/gettitlestring/gettitlestring.sty
Package: gettitlestring 2019/12/15 v1.6 Cleanup title references (HO)
 (/home/hamed/.TinyTeX/texmf-dist/tex/latex/kvoptions/kvoptions.sty
Package: kvoptions 2022-06-15 v3.15 Key value format for package options (HO)
))
\c@section@level=\count304
) (/home/hamed/.TinyTeX/texmf-dist/tex/latex/etoolbox/etoolbox.sty
Package: etoolbox 2025/10/02 v2.5m e-TeX tools for LaTeX (JAW)
\etb@tempcnta=\count305
) (/home/hamed/.TinyTeX/texmf-dist/tex/generic/stringenc/stringenc.sty
Package: stringenc 2019/11/29 v1.12 Convert strings between diff. encodings (HO)
)
\@linkdim=\dimen182
\Hy@linkcounter=\count306
\Hy@pagecounter=\count307
 (/home/hamed/.TinyTeX/texmf-dist/tex/latex/hyperref/pd1enc.def
File: pd1enc.def 2025-07-12 v7.01o Hyperref: PDFDocEncoding definition (HO)
Now handling font encoding PD1 ...
... no UTF-8 mapping file for font encoding PD1
) (/home/hamed/.TinyTeX/texmf-dist/tex/generic/intcalc/intcalc.sty
Package: intcalc 2019/12/15 v1.3 Expandable calculations with integers (HO)
)
\Hy@SavedSpaceFactor=\count308
 (/home/hamed/.TinyTeX/texmf-dist/tex/latex/hyperref/puenc.def
File: puenc.def 2025-07-12 v7.01o Hyperref: PDF Unicode definition (HO)
Now handling font encoding PU ...
... no UTF-8 mapping file for font encoding PU
)
Package hyperref Info: Hyper figures OFF on input line 4195.
Package hyperref Info: Link nesting OFF on input line 4200.
Package hyperref Info: Hyper index ON on input line 4203.
Package hyperref Info: Plain pages OFF on input line 4210.
Package hyperref Info: Backreferencing OFF on input line 4215.
Package hyperref Info: Implicit mode ON; LaTeX internals redefined.
Package hyperref Info: Bookmarks ON on input line 4462.
\c@Hy@tempcnt=\count309
 (/home/hamed/.TinyTeX/texmf-dist/tex/latex/url/url.sty
\Urlmuskip=\muskip18
Package: url 2013/09/16  ver 3.4  Verb mode for urls, etc.
)
LaTeX Info: Redefining \url on input line 4801.
\XeTeXLinkMargin=\dimen183
 (/home/hamed/.TinyTeX/texmf-dist/tex/generic/bitset/bitset.sty
Package: bitset 2019/12/09 v1.3 Handle bit-vector datatype (HO)
 (/home/hamed/.TinyTeX/texmf-dist/tex/generic/bigintcalc/bigintcalc.sty
Package: bigintcalc 2019/12/15 v1.5 Expandable calculations on big integers (HO)
))
\Fld@menulength=\count310
\Field@Width=\dimen184
\Fld@charsize=\dimen185
Package hyperref Info: Hyper figures OFF on input line 6078.
Package hyperref Info: Link nesting OFF on input line 6083.
Package hyperref Info: Hyper index ON on input line 6086.
Package hyperref Info: backreferencing OFF on input line 6093.
Package hyperref Info: Link coloring OFF on input line 6098.
Package hyperref Info: Link coloring with OCG OFF on input line 6103.
Package hyperref Info: PDF/A mode OFF on input line 6108.
\Hy@abspage=\count311
\c@Item=\count312
\c@Hfootnote=\count313
)
Package hyperref Info: Driver (autodetected): hpdftex.
 (/home/hamed/.TinyTeX/texmf-dist/tex/latex/hyperref/hpdftex.def
File: hpdftex.def 2025-07-12 v7.01o Hyperref driver for pdfTeX
\Fld@listcount=\count314
\c@bookmark@seq@number=\count315
 (/home/hamed/.TinyTeX/texmf-dist/tex/latex/rerunfilecheck/rerunfilecheck.sty
Package: rerunfilecheck 2025-06-21 v1.11 Rerun checks for auxiliary files (HO)
 (/home/hamed/.TinyTeX/texmf-dist/tex/generic/uniquecounter/uniquecounter.sty
Package: uniquecounter 2019/12/15 v1.4 Provide unlimited unique counter (HO)
)
Package uniquecounter Info: New unique counter `rerunfilecheck' on input line 284.
)
\Hy@SectionHShift=\skip56
) (/home/hamed/.TinyTeX/texmf-dist/tex/latex/cleveref/cleveref.sty
Package: cleveref 2018/03/27 v0.21.4 Intelligent cross-referencing
Package cleveref Info: `hyperref' support loaded on input line 2370.
LaTeX Info: Redefining \cref on input line 2370.
LaTeX Info: Redefining \Cref on input line 2370.
LaTeX Info: Redefining \crefrange on input line 2370.
LaTeX Info: Redefining \Crefrange on input line 2370.
LaTeX Info: Redefining \cpageref on input line 2370.
LaTeX Info: Redefining \Cpageref on input line 2370.
LaTeX Info: Redefining \cpagerefrange on input line 2370.
LaTeX Info: Redefining \Cpagerefrange on input line 2370.
LaTeX Info: Redefining \labelcref on input line 2370.
LaTeX Info: Redefining \labelcpageref on input line 2370.
Package cleveref Info: always capitalise cross-reference names on input line 7825.
Package cleveref Info: always capitalise cross-reference names on input line 7852.
)
==> First Aid for cleveref.sty applied!
(/home/hamed/.TinyTeX/texmf-dist/tex/latex/algorithms/algorithm.sty
Package: algorithm 2009/08/24 v0.1 Document Style `algorithm' - floating environment
 (/home/hamed/.TinyTeX/texmf-dist/tex/latex/float/float.sty
Package: float 2001/11/08 v1.3d Float enhancements (AL)
\c@float@type=\count316
\float@exts=\toks26
\float@box=\box55
\@float@everytoks=\toks27
\@floatcapt=\box56
) (/home/hamed/.TinyTeX/texmf-dist/tex/latex/base/ifthen.sty
Package: ifthen 2024/03/16 v1.1e Standard LaTeX ifthen package (DPC)
)
\@float@every@algorithm=\toks28
\c@algorithm=\count317
) (/home/hamed/.TinyTeX/texmf-dist/tex/latex/algorithms/algorithmic.sty
Package: algorithmic 2009/08/24 v0.1 Document Style `algorithmic'
\c@ALC@unique=\count318
\c@ALC@line=\count319
\c@ALC@rem=\count320
\c@ALC@depth=\count321
\ALC@tlm=\skip57
\algorithmicindent=\skip58
) (/home/hamed/.TinyTeX/texmf-dist/tex/latex/listings/listings.sty
\lst@mode=\count322
\lst@gtempboxa=\box57
\lst@token=\toks29
\lst@length=\count323
\lst@currlwidth=\dimen186
\lst@column=\count324
\lst@pos=\count325
\lst@lostspace=\dimen187
\lst@width=\dimen188
\lst@newlines=\count326
\lst@lineno=\count327
\lst@maxwidth=\dimen189
 (/home/hamed/.TinyTeX/texmf-dist/tex/latex/listings/lstpatch.sty
File: lstpatch.sty 2025/11/14 1.11a (Carsten Heinz)
) (/home/hamed/.TinyTeX/texmf-dist/tex/latex/listings/lstmisc.sty
File: lstmisc.sty 2025/11/14 1.11a (Carsten Heinz)
\c@lstnumber=\count328
\lst@skipnumbers=\count329
\lst@framebox=\box58
) (/home/hamed/.TinyTeX/texmf-dist/tex/latex/listings/listings.cfg
File: listings.cfg 2025/11/14 1.11a listings configuration
))
Package: listings 2025/11/14 1.11a (Carsten Heinz)

==> First Aid for listings.sty no longer applied!
    Expected:
        2024/09/23 1.10c (Carsten Heinz)
    but found:
        2025/11/14 1.11a (Carsten Heinz)
    so I'm assuming it got fixed.
(/home/hamed/.TinyTeX/texmf-dist/tex/latex/xcolor/xcolor.sty
Package: xcolor 2024/09/29 v3.02 LaTeX color extensions (UK)
 (/home/hamed/.TinyTeX/texmf-dist/tex/latex/graphics-cfg/color.cfg
File: color.cfg 2016/01/02 v1.6 sample color configuration
)
Package xcolor Info: Driver file: pdftex.def on input line 274.
 (/home/hamed/.TinyTeX/texmf-dist/tex/latex/graphics/mathcolor.ltx)
Package xcolor Info: Model `cmy' substituted by `cmy0' on input line 1349.
Package xcolor Info: Model `hsb' substituted by `rgb' on input line 1353.
Package xcolor Info: Model `RGB' extended on input line 1365.
Package xcolor Info: Model `HTML' substituted by `rgb' on input line 1367.
Package xcolor Info: Model `Hsb' substituted by `hsb' on input line 1368.
Package xcolor Info: Model `tHsb' substituted by `hsb' on input line 1369.
Package xcolor Info: Model `HSB' substituted by `hsb' on input line 1370.
Package xcolor Info: Model `Gray' substituted by `gray' on input line 1371.
Package xcolor Info: Model `wave' substituted by `hsb' on input line 1372.
) (/home/hamed/.TinyTeX/texmf-dist/tex/latex/colortbl/colortbl.sty
Package: colortbl 2024/10/29 v1.0k Color table columns (DPC)
 (/home/hamed/.TinyTeX/texmf-dist/tex/latex/tools/array.sty
Package: array 2025/09/25 v2.6n Tabular extension package (FMi)
\col@sep=\dimen190
\ar@mcellbox=\box59
\extrarowheight=\dimen191
\NC@list=\toks30
\extratabsurround=\skip59
\backup@length=\skip60
\ar@cellbox=\box60
)
\everycr=\toks31
\minrowclearance=\skip61
\rownum=\count330
) (/home/hamed/.TinyTeX/texmf-dist/tex/latex/caption/caption.sty
Package: caption 2023/08/05 v3.6o Customizing captions (AR)
 (/home/hamed/.TinyTeX/texmf-dist/tex/latex/caption/caption3.sty
Package: caption3 2023/07/31 v2.4d caption3 kernel (AR)
\caption@tempdima=\dimen192
\captionmargin=\dimen193
\caption@leftmargin=\dimen194
\caption@rightmargin=\dimen195
\caption@width=\dimen196
\caption@indent=\dimen197
\caption@parindent=\dimen198
\caption@hangindent=\dimen199
Package caption Info: Standard document class detected.
)
\c@caption@flags=\count331
\c@continuedfloat=\count332
Package caption Info: float package is loaded.
Package caption Info: hyperref package is loaded.
Package caption Info: listings package is loaded.
) (/home/hamed/.TinyTeX/texmf-dist/tex/latex/threeparttable/threeparttable.sty
Package: threeparttable 2003/06/13  v 3.0
\@tempboxb=\box61
) (/home/hamed/.TinyTeX/texmf-dist/tex/latex/caption/subcaption.sty
Package: subcaption 2023/07/28 v1.6b Sub-captions (AR)
Package caption Info: New subtype `subfigure' on input line 238.
\c@subfigure=\count333
Package caption Info: New subtype `subtable' on input line 238.
\c@subtable=\count334
)
Package hyperref Info: Option `colorlinks' set `true' on input line 41.
 (/home/hamed/.TinyTeX/texmf-dist/tex/latex/l3backend/l3backend-pdftex.def
File: l3backend-pdftex.def 2025-10-09 L3 backend support: PDF output (pdfTeX)
\l__color_backend_stack_int=\count335
) (./main.aux)
\openout1 = `main.aux'.

LaTeX Font Info:    Checking defaults for OML/cmm/m/it on input line 49.
LaTeX Font Info:    ... okay on input line 49.
LaTeX Font Info:    Checking defaults for OMS/cmsy/m/n on input line 49.
LaTeX Font Info:    ... okay on input line 49.
LaTeX Font Info:    Checking defaults for OT1/cmr/m/n on input line 49.
LaTeX Font Info:    ... okay on input line 49.
LaTeX Font Info:    Checking defaults for T1/cmr/m/n on input line 49.
LaTeX Font Info:    ... okay on input line 49.
LaTeX Font Info:    Checking defaults for TS1/cmr/m/n on input line 49.
LaTeX Font Info:    ... okay on input line 49.
LaTeX Font Info:    Checking defaults for OMX/cmex/m/n on input line 49.
LaTeX Font Info:    ... okay on input line 49.
LaTeX Font Info:    Checking defaults for U/cmr/m/n on input line 49.
LaTeX Font Info:    ... okay on input line 49.
LaTeX Font Info:    Checking defaults for PD1/pdf/m/n on input line 49.
LaTeX Font Info:    ... okay on input line 49.
LaTeX Font Info:    Checking defaults for PU/pdf/m/n on input line 49.
LaTeX Font Info:    ... okay on input line 49.

*geometry* driver: auto-detecting
*geometry* detected driver: pdftex
*geometry* verbose mode - [ preamble ] result:
* driver: pdftex
* paper: letterpaper
* layout: <same size as paper>
* layoutoffset:(h,v)=(0.0pt,0.0pt)
* modes: 
* h-part:(L,W,R)=(108.405pt, 433.62001pt, 72.26999pt)
* v-part:(T,H,B)=(72.26999pt, 650.43001pt, 72.26999pt)
* \paperwidth=614.295pt
* \paperheight=794.96999pt
* \textwidth=433.62001pt
* \textheight=650.43001pt
* \oddsidemargin=36.13501pt
* \evensidemargin=36.13501pt
* \topmargin=-37.0pt
* \headheight=12.0pt
* \headsep=25.0pt
* \topskip=12.0pt
* \footskip=30.0pt
* \marginparwidth=44.0pt
* \marginparsep=10.0pt
* \columnsep=10.0pt
* \skip\footins=10.8pt plus 4.0pt minus 2.0pt
* \hoffset=0.0pt
* \voffset=0.0pt
* \mag=1000
* \@twocolumnfalse
* \@twosidefalse
* \@mparswitchfalse
* \@reversemarginfalse
* (1in=72.27pt=25.4mm, 1cm=28.453pt)

(/home/hamed/.TinyTeX/texmf-dist/tex/latex/epstopdf-pkg/epstopdf-base.sty
Package: epstopdf-base 2020-01-24 v2.11 Base part for package epstopdf
Package epstopdf-base Info: Redefining graphics rule for `.eps' on input line 485.
 (/home/hamed/.TinyTeX/texmf-dist/tex/latex/latexconfig/epstopdf-sys.cfg
File: epstopdf-sys.cfg 2010/07/13 v1.3 Configuration of (r)epstopdf for TeX Live
))
Package hyperref Info: Link coloring ON on input line 49.
 (./main.out) (./main.out)
\@outlinefile=\write3
\openout3 = `main.out'.

\c@lstlisting=\count336
Package caption Info: Begin \AtBeginDocument code.
Package caption Info: threeparttable package is loaded.
Package caption Info: End \AtBeginDocument code.
 [1

{/home/hamed/.TinyTeX/texmf-var/fonts/map/pdftex/updmap/pdftex.map}]
pdfTeX warning (ext4): destination with the same identifier (name{page.1}) has been already used, duplicate ignored
<to be read again> 
                   \relax 
l.111 \clearpage
                 [1] (./chapters/abstract.tex [2


]) (./chapters/acknowledgments.tex [3]) [4

] (./main.toc
LaTeX Font Info:    Trying to load font information for U+msa on input line 4.
 (/home/hamed/.TinyTeX/texmf-dist/tex/latex/amsfonts/umsa.fd
File: umsa.fd 2013/01/14 v3.01 AMS symbols A
)
LaTeX Font Info:    Trying to load font information for U+msb on input line 4.
 (/home/hamed/.TinyTeX/texmf-dist/tex/latex/amsfonts/umsb.fd
File: umsb.fd 2013/01/14 v3.01 AMS symbols B
) [5

] [6] [7])
\tf@toc=\write4
\openout4 = `main.toc'.

 [8] (./main.lof
Overfull \hbox (0.206pt too wide) in paragraph at lines 7--7
 \T1/cmr/m/n/12 high ac-cu-racy and F1-scores, demon-strat-ing ef-fec-tive tumor/non-tumor 
 []


Overfull \hbox (3.76208pt too wide) in paragraph at lines 8--8
 [][] [][][]\T1/cmr/m/n/12 EfficientNet-B2 Grad-CAM vi-su-al-iza-tions show-ing clean, tumor-focused 
 []

)
\tf@lof=\write5
\openout5 = `main.lof'.

 [9


] (./main.lot)
\tf@lot=\write6
\openout6 = `main.lot'.

 [10


] (./chapters/01_introduction.tex
Chapter 1.
[11


]
Overfull \hbox (6.6723pt too wide) in paragraph at lines 23--24
[]\T1/cmr/bx/n/12 Architecture com-par-i-son\T1/cmr/m/n/12 : How do tra-di-tional CNNs (ResNet-50, EfficientNet-
 []


Overfull \hbox (0.62791pt too wide) in paragraph at lines 24--25
[]\T1/cmr/bx/n/12 Explainability trade-offs\T1/cmr/m/n/12 : Which ar-chi-tec-ture pro-vides su-pe-rior in-ter-pretabil-
 []

[12] [13] [14]
Overfull \hbox (10.74915pt too wide) in paragraph at lines 63--64
[]\T1/cmr/bx/n/12 Educational value\T1/cmr/m/n/12 : Model at-ten-tion pat-terns may re-veal novel imag-ing biomark-
 []


Overfull \hbox (1.0405pt too wide) in paragraph at lines 66--67
[]\T1/cmr/m/n/12 Gradient-weighted Class Ac-ti-va-tion Map-ping (Grad-CAM) [[]] has be-come a widely
 []

[15]
Overfull \hbox (7.07785pt too wide) in paragraph at lines 91--92
[]\T1/cmr/bx/n/12 Integrate com-pre-hen-sive ex-plain-abil-ity \T1/cmr/m/n/12 through Grad-CAM with percentile-
 []


Overfull \hbox (2.99277pt too wide) in paragraph at lines 103--104
[]\T1/cmr/bx/n/12 Scientific method-ol-ogy\T1/cmr/m/n/12 : Patient-centric eval-u-a-tion on full BraTS 2021 dataset
 []

[16]
Overfull \hbox (0.19466pt too wide) in paragraph at lines 107--108
[]\T1/cmr/bx/n/12 Comprehensive ar-chi-tec-ture com-par-i-son\T1/cmr/m/n/12 : ResNet-50, EfficientNet-B2, and
 []


Overfull \hbox (8.10252pt too wide) in paragraph at lines 113--114
[]\T1/cmr/bx/n/12 Clinical de-ploy-ment guid-ance\T1/cmr/m/n/12 : Ar-chi-tec-ture se-lec-tion rec-om-men-da-tions based
 []

[17]) (./chapters/02_literature_review.tex [18]
Chapter 2.

Overfull \hbox (3.61768pt too wide) in paragraph at lines 10--11
\T1/cmr/m/n/12 AlexNet [[]], which achieved dra-matic per-for-mance im-prove-ments on Im-a-geNet through
 []

[19

]
Overfull \hbox (1.29868pt too wide) in paragraph at lines 35--36
[]\T1/cmr/bx/n/12 Transformers\T1/cmr/m/n/12 : Global re-cep-tive field from layer 1, learn shape pat-terns through
 []

[20]

! LaTeX Error: Unicode character ⁴ (U+2074)
               not set up for use with LaTeX.

See the LaTeX manual or LaTeX Companion for explanation.
Type  H <return>  for immediate help.
 ...                                              
                                                  
l.52 ...er than natural image datasets (10²-10⁴
                                                   samples vs. ImageNet's 1....
You may provide a definition with
\DeclareUnicodeCharacter 

[21] [22] [23] [24]
Overfull \hbox (2.49132pt too wide) in paragraph at lines 130--131
[]\T1/cmr/bx/n/12 Model pa-ram-e-ter ran-dom-iza-tion\T1/cmr/m/n/12 : Ex-pla-na-tions should change when weights
 []

[25]
Overfull \hbox (5.57663pt too wide) in paragraph at lines 156--157
[]\T1/cmr/bx/n/12 Limited ar-chi-tec-ture com-par-i-son\T1/cmr/m/n/12 : Few stud-ies sys-tem-at-i-cally com-pare CNNs
 []

[26]) (./chapters/03_methodology.tex [27]
Chapter 3.
[28

] [29] [30]
<./figures/architectures/vit_arch.png, id=741, 760.8425pt x 384.43625pt>
File: ./figures/architectures/vit_arch.png Graphic file (type png)
<use ./figures/architectures/vit_arch.png>
Package pdftex.def Info: ./figures/architectures/vit_arch.png  used on input line 84.
(pdftex.def)             Requested size: 433.62001pt x 219.1016pt.


LaTeX Warning: `h' float specifier changed to `ht'.

[31] [32 <./figures/architectures/vit_arch.png>] [33] [34]

! LaTeX Error: Unicode character σ (U+03C3)
               not set up for use with LaTeX.

See the LaTeX manual or LaTeX Companion for explanation.
Type  H <return>  for immediate help.
 ...                                              
                                                  
l.179     \item Gaussian smoothing (σ
                                      =3) to reduce blockiness from low-reso...
You may provide a definition with
\DeclareUnicodeCharacter 

[35] [36]) (./chapters/04_results.tex [37] [38]
Chapter 4.
[39

]
<figures/training_curves_resnet_50.png, id=803, 1004.0712pt x 353.4003pt>
File: figures/training_curves_resnet_50.png Graphic file (type png)
<use figures/training_curves_resnet_50.png>
Package pdftex.def Info: figures/training_curves_resnet_50.png  used on input line 47.
(pdftex.def)             Requested size: 433.62001pt x 152.61703pt.
<figures/training_curves_efficientnet_b2.png, id=804, 1004.0712pt x 353.4003pt>
File: figures/training_curves_efficientnet_b2.png Graphic file (type png)
<use figures/training_curves_efficientnet_b2.png>
Package pdftex.def Info: figures/training_curves_efficientnet_b2.png  used on input line 52.
(pdftex.def)             Requested size: 433.62001pt x 152.61703pt.
<figures/training_curves_deit_base.png, id=805, 1004.0712pt x 353.4003pt>
File: figures/training_curves_deit_base.png Graphic file (type png)
<use figures/training_curves_deit_base.png>
Package pdftex.def Info: figures/training_curves_deit_base.png  used on input line 57.
(pdftex.def)             Requested size: 433.62001pt x 152.61703pt.
 [40] [41 <./figures/training_curves_resnet_50.png> <./figures/training_curves_efficientnet_b2.png> <./figures/training_curves_deit_base.png>] [42]
<figures/cm_resnet50.png, id=825, 558.6471pt x 424.7067pt>
File: figures/cm_resnet50.png Graphic file (type png)
<use figures/cm_resnet50.png>
Package pdftex.def Info: figures/cm_resnet50.png  used on input line 118.
(pdftex.def)             Requested size: 208.13574pt x 158.2342pt.
<figures/cm_efficientnet_b2.png, id=826, 558.6471pt x 424.4658pt>
File: figures/cm_efficientnet_b2.png Graphic file (type png)
<use figures/cm_efficientnet_b2.png>
Package pdftex.def Info: figures/cm_efficientnet_b2.png  used on input line 123.
(pdftex.def)             Requested size: 208.13574pt x 158.14445pt.
<figures/cm_deit_base.png, id=827, 558.6471pt x 424.4658pt>
File: figures/cm_deit_base.png Graphic file (type png)
<use figures/cm_deit_base.png>
Package pdftex.def Info: figures/cm_deit_base.png  used on input line 128.
(pdftex.def)             Requested size: 208.13574pt x 158.14445pt.

Underfull \hbox (badness 5970) in paragraph at lines 129--129
[]\T1/cmr/m/n/10.95 (c) |DeiT-Base: Trans-former ap-proach
 []

[43]
Overfull \hbox (2.75668pt too wide) in paragraph at lines 139--140
[]\T1/cmr/bx/n/12 DeiT-Base \T1/cmr/m/n/12 demon-strates that pure trans-former mod-els can com-pete with CNNs
 []

[44 <./figures/cm_resnet50.png> <./figures/cm_efficientnet_b2.png> <./figures/cm_deit_base.png>]
Overfull \hbox (12.24464pt too wide) in paragraph at lines 153--154
[]\T1/cmr/m/n/12 EfficientNet-B2 con-sis-tently pro-duces the clean-est and most tumor-focused heatmaps
 []

[45]
<figures/selected_gradcam/efficientnet_b2_sample1.png, id=848, 1136.245pt x 421.575pt>
File: figures/selected_gradcam/efficientnet_b2_sample1.png Graphic file (type png)
<use figures/selected_gradcam/efficientnet_b2_sample1.png>
Package pdftex.def Info: figures/selected_gradcam/efficientnet_b2_sample1.png  used on input line 165.
(pdftex.def)             Requested size: 433.62001pt x 160.88202pt.
<figures/selected_gradcam/efficientnet_b2_sample2.png, id=849, 1136.245pt x 421.575pt>
File: figures/selected_gradcam/efficientnet_b2_sample2.png Graphic file (type png)
<use figures/selected_gradcam/efficientnet_b2_sample2.png>
Package pdftex.def Info: figures/selected_gradcam/efficientnet_b2_sample2.png  used on input line 170.
(pdftex.def)             Requested size: 433.62001pt x 160.88202pt.
<figures/selected_gradcam/efficientnet_b2_sample3.png, id=850, 1136.245pt x 421.575pt>
File: figures/selected_gradcam/efficientnet_b2_sample3.png Graphic file (type png)
<use figures/selected_gradcam/efficientnet_b2_sample3.png>
Package pdftex.def Info: figures/selected_gradcam/efficientnet_b2_sample3.png  used on input line 175.
(pdftex.def)             Requested size: 433.62001pt x 160.88202pt.
 [46]
Overfull \hbox (0.68922pt too wide) in paragraph at lines 184--185
[]\T1/cmr/m/n/12 ResNet-50 pro-duces func-tional but less re-fined heatmaps com-pared to EfficientNet-
 []

[47 <./figures/selected_gradcam/efficientnet_b2_sample1.png> <./figures/selected_gradcam/efficientnet_b2_sample2.png> <./figures/selected_gradcam/efficientnet_b2_sample3.png>]
<figures/selected_gradcam/resnet50_sample1.png, id=863, 1136.245pt x 421.575pt>
File: figures/selected_gradcam/resnet50_sample1.png Graphic file (type png)
<use figures/selected_gradcam/resnet50_sample1.png>
Package pdftex.def Info: figures/selected_gradcam/resnet50_sample1.png  used on input line 196.
(pdftex.def)             Requested size: 433.62001pt x 160.88202pt.
<figures/selected_gradcam/resnet50_sample2.png, id=864, 1136.245pt x 421.575pt>
File: figures/selected_gradcam/resnet50_sample2.png Graphic file (type png)
<use figures/selected_gradcam/resnet50_sample2.png>
Package pdftex.def Info: figures/selected_gradcam/resnet50_sample2.png  used on input line 201.
(pdftex.def)             Requested size: 433.62001pt x 160.88202pt.
<figures/selected_gradcam/resnet50_sample3.png, id=865, 1136.245pt x 421.575pt>
File: figures/selected_gradcam/resnet50_sample3.png Graphic file (type png)
<use figures/selected_gradcam/resnet50_sample3.png>
Package pdftex.def Info: figures/selected_gradcam/resnet50_sample3.png  used on input line 206.
(pdftex.def)             Requested size: 433.62001pt x 160.88202pt.
 [48] [49 <./figures/selected_gradcam/resnet50_sample1.png> <./figures/selected_gradcam/resnet50_sample2.png> <./figures/selected_gradcam/resnet50_sample3.png>]
<figures/selected_gradcam/deit_base_sample1.png, id=879, 1136.245pt x 421.575pt>
File: figures/selected_gradcam/deit_base_sample1.png Graphic file (type png)
<use figures/selected_gradcam/deit_base_sample1.png>
Package pdftex.def Info: figures/selected_gradcam/deit_base_sample1.png  used on input line 227.
(pdftex.def)             Requested size: 433.62001pt x 160.88202pt.
<figures/selected_gradcam/deit_base_sample2.png, id=880, 1136.245pt x 421.575pt>
File: figures/selected_gradcam/deit_base_sample2.png Graphic file (type png)
<use figures/selected_gradcam/deit_base_sample2.png>
Package pdftex.def Info: figures/selected_gradcam/deit_base_sample2.png  used on input line 232.
(pdftex.def)             Requested size: 433.62001pt x 160.88202pt.
<figures/selected_gradcam/deit_base_sample3.png, id=881, 1136.245pt x 421.575pt>
File: figures/selected_gradcam/deit_base_sample3.png Graphic file (type png)
<use figures/selected_gradcam/deit_base_sample3.png>
Package pdftex.def Info: figures/selected_gradcam/deit_base_sample3.png  used on input line 237.
(pdftex.def)             Requested size: 433.62001pt x 160.88202pt.
 [50] [51 <./figures/selected_gradcam/deit_base_sample1.png> <./figures/selected_gradcam/deit_base_sample2.png> <./figures/selected_gradcam/deit_base_sample3.png>] [52] [53] [54]) (./chapters/05_discussion.tex [55]
Chapter 5.

Overfull \hbox (15.24255pt too wide) in paragraph at lines 10--11
\T1/cmr/m/n/12 ResNet-50 achieved the high-est test ac-cu-racy (94.69%) and F1 score (93.72%), marginally
 []

[56

]
Overfull \hbox (6.10591pt too wide) in paragraph at lines 20--21
[]\T1/cmr/m/n/12 DeiT-Base (93.46% ac-cu-racy) demon-strated com-pa-ra-ble per-for-mance to both CNNs
 []

[57] [58] [59]) (./chapters/06_conclusion.tex [60] [61]
Chapter 6.
[62

]
Overfull \hbox (8.70001pt too wide) in paragraph at lines 19--20
[]\T1/cmr/bx/n/12 Reproducible pipeline\T1/cmr/m/n/12 : Open-source im-ple-men-ta-tion with com-plete train-
 []

[63] [64]
Overfull \hbox (5.45499pt too wide) in paragraph at lines 65--66
[]\T1/cmr/bx/n/12 Modality con-straints\T1/cmr/m/n/12 : Ex-cludes T1 (non-contrast) and diffusion-weighted
 []

[65]
Overfull \hbox (13.90286pt too wide) in paragraph at lines 83--84
[]\T1/cmr/bx/n/12 Data and train-ing strate-gies\T1/cmr/m/n/12 : Ad-vanced aug-men-ta-tion tech-niques (Mixup,
 []


Overfull \hbox (19.32747pt too wide) in paragraph at lines 83--84
\T1/cmr/m/n/12 Cut-Mix); en-sem-ble meth-ods com-bin-ing mul-ti-ple ar-chi-tec-tures; semi-supervised
 []


Overfull \hbox (2.38203pt too wide) in paragraph at lines 85--86
[]\T1/cmr/bx/n/12 Explainability\T1/cmr/m/n/12 : Ad-vanced vi-su-al-iza-tion tech-niques such as Grad-CAM++
 []


Overfull \hbox (31.55597pt too wide) in paragraph at lines 92--93
\T1/cmr/m/n/12 sig-nif-i-cantly im-pacts both ac-cu-racy and in-ter-pretabil-ity. The find-ing that EfficientNet-
 []

[66]
! Missing $ inserted.
<inserted text> 
                $
l.101 ...m \textbf{Accuracy \neq Interpretability}
                                                  : ResNet-50 achieves 94.69...
I've inserted a begin-math/end-math symbol since I think
you left one out. Proceed, with fingers crossed.

! Extra }, or forgotten $.
<recently read> \egroup 
                        
l.101 ...m \textbf{Accuracy \neq Interpretability}
                                                  : ResNet-50 achieves 94.69...
I've deleted a group-closing symbol because it seems to be
spurious, as in `$x}$'. But perhaps the } is legitimate and
you forgot something else, as in `\hbox{$x}'. In such cases
the way to recover is to insert both the forgotten and the
deleted material, e.g., by typing `I$}'.


! LaTeX Error: Command \item invalid in math mode.

See the LaTeX manual or LaTeX Companion for explanation.
Type  H <return>  for immediate help.
 ...                                              
                                                  
l.102     \item
                \textbf{Architecture matters}: Compound scaling (EfficientNe...
Try typing  <return>  to proceed.
If that doesn't work, type  X <return>  to quit.

! Missing $ inserted.
<inserted text> 
                $
l.102     \item \textbf
                       {Architecture matters}: Compound scaling (EfficientNe...
I've inserted a begin-math/end-math symbol since I think
you left one out. Proceed, with fingers crossed.


Overfull \hbox (71.97395pt too wide) in paragraph at lines 101--102
[]\T1/cmr/bx/n/12 Accuracy $\OMS/cmsy/m/n/12 6\OT1/cmr/m/n/12 = \OML/cmm/m/it/12 Interpretability \OT1/cmr/m/n/12 : \OML/cmm/m/it/12 ResNet \OMS/cmsy/m/n/12 ^^@ \OT1/cmr/m/n/12 50\OML/cmm/m/it/12 achieves\OT1/cmr/m/n/12 94\OML/cmm/m/it/12 :\OT1/cmr/m/n/12 69%\OML/cmm/m/it/12 accuracybutEfficientNet \OMS/cmsy/m/n/12 ^^@
 []


Overfull \hbox (0.23674pt too wide) in paragraph at lines 102--103
[]\T1/cmr/bx/n/12 Architecture mat-ters: Com-pound scal-ing (Ef-fi-cient-Net) pro-duces
 []

! Missing } inserted.
<inserted text> 
                }
l.105 \end{itemize}
                   
I've inserted something that you may have forgotten.
(See the <inserted text> above.)
With luck, this will get me unwedged. But if you
really didn't forget anything, try typing `2' now; then
my insertion and my current dilemma will both disappear.


Overfull \hbox (0.24765pt too wide) in paragraph at lines 107--108
\T1/cmr/m/n/12 ra-di-ol-ogy where au-to-mated sys-tems augment---not replace---expert hu-man judg-
 []

) (./main.bbl [67] [68

] [69] [70])

! LaTeX Error: \begin{enumerate} on input line 64 ended by \end{document}.

See the LaTeX manual or LaTeX Companion for explanation.
Type  H <return>  for immediate help.
 ...                                              
                                                  
l.159 \end{document}
                    
Your command was ignored.
Type  I <command> <return>  to replace it with another command,
or  <return>  to continue without it.

[71] (./main.aux)
 ***********
LaTeX2e <2025-11-01>
L3 programming layer <2025-11-06>
 ***********
Package rerunfilecheck Info: File `main.out' has not changed.
(rerunfilecheck)             Checksum: DCD2C1817B97DFD14018193EEAF47772;17584.
 )
(\end occurred inside a group at level 1)

### semi simple group (level 1) entered at line 64 (\begingroup)
### bottom level 
Here is how much of TeX's memory you used:
 16262 strings out of 469519
 267460 string characters out of 5469814
 672092 words of memory out of 5000000
 44395 multiletter control sequences out of 15000+600000
 643101 words of font info for 75 fonts, out of 8000000 for 9000
 14 hyphenation exceptions out of 8191
 75i,10n,83p,1091b,693s stack positions out of 10000i,1000n,20000p,200000b,200000s
 </home/hamed/.TinyTeX/texmf-var/fonts/pk/ljfour/jknappen/ec/ecrm1095.600pk> </home/hamed/.TinyTeX/texmf-var/fonts/pk/ljfour/jknappen/ec/ectt1200.600pk> </home/hamed/.TinyTeX/texmf-var/fonts/pk/ljfour/jknappen/ec/ecrm0800.600pk> </home/hamed/.TinyTeX/texmf-var/fonts/pk/ljfour/jknappen/ec/ecti1200.600pk> </home/hamed/.TinyTeX/texmf-var/fonts/pk/ljfour/jknappen/ec/tcrm1200.600pk> </home/hamed/.TinyTeX/texmf-var/fonts/pk/ljfour/jknappen/ec/ecbx1200.600pk> </home/hamed/.TinyTeX/texmf-var/fonts/pk/ljfour/jknappen/ec/ecbx2488.600pk> </home/hamed/.TinyTeX/texmf-var/fonts/pk/ljfour/jknappen/ec/ecrm1200.600pk> </home/hamed/.TinyTeX/texmf-var/fonts/pk/ljfour/jknappen/ec/ecbx1440.600pk> </home/hamed/.TinyTeX/texmf-var/fonts/pk/ljfour/jknappen/ec/ecrm1440.600pk> </home/hamed/.TinyTeX/texmf-var/fonts/pk/ljfour/jknappen/ec/ecbx1728.600pk></home/hamed/.TinyTeX/texmf-dist/fonts/type1/public/amsfonts/cm/cmbx12.pfb></home/hamed/.TinyTeX/texmf-dist/fonts/type1/public/amsfonts/cm/cmex10.pfb></home/hamed/.TinyTeX/texmf-dist/fonts/type1/public/amsfonts/cm/cmmi12.pfb></home/hamed/.TinyTeX/texmf-dist/fonts/type1/public/amsfonts/cm/cmmi6.pfb></home/hamed/.TinyTeX/texmf-dist/fonts/type1/public/amsfonts/cm/cmmi8.pfb></home/hamed/.TinyTeX/texmf-dist/fonts/type1/public/amsfonts/cm/cmr12.pfb></home/hamed/.TinyTeX/texmf-dist/fonts/type1/public/amsfonts/cm/cmr8.pfb></home/hamed/.TinyTeX/texmf-dist/fonts/type1/public/amsfonts/cm/cmsy10.pfb></home/hamed/.TinyTeX/texmf-dist/fonts/type1/public/amsfonts/cm/cmsy8.pfb>
Output written on main.pdf (72 pages, 3722037 bytes).
PDF statistics:
 1671 PDF objects out of 1728 (max. 8388607)
 1016 compressed objects within 11 object streams
 292 named destinations out of 1000 (max. 500000)
 809 words of extra memory for PDF output out of 10000 (max. 10000000)

